# Read contract v1 schema (path:type). Additive-only: never delete a line.
hero_handoff.markdown:string
hero_handoff.updated_at:null
hero_handoff.updated_at:string
hero_handoff:object
hero_spec.acs:array
hero_spec.acs[].id:string
hero_spec.acs[].state:string
hero_spec.acs[].text:string
hero_spec.acs[]:object
hero_spec.body:string
hero_spec.item.completed_at:null
hero_spec.item.completed_at:string
hero_spec.item.created_at:string
hero_spec.item.lane:string
hero_spec.item.next.action:string
hero_spec.item.next.command:string
hero_spec.item.next.enabled:boolean
hero_spec.item.next.extras:array
hero_spec.item.next.extras[].action:string
hero_spec.item.next.extras[].command:string
hero_spec.item.next.extras[].label:string
hero_spec.item.next.extras[]:object
hero_spec.item.next.label:string
hero_spec.item.next.phase.label:string
hero_spec.item.next.phase.state:string
hero_spec.item.next.phase:object
hero_spec.item.next.reason:null
hero_spec.item.next.reason:string
hero_spec.item.next:null
hero_spec.item.next:object
hero_spec.item.parent:null
hero_spec.item.parent:string
hero_spec.item.path:string
hero_spec.item.priority:null
hero_spec.item.priority:string
hero_spec.item.progress.done:number
hero_spec.item.progress.total:number
hero_spec.item.progress:null
hero_spec.item.progress:object
hero_spec.item.revision:string
hero_spec.item.severity:null
hero_spec.item.severity:string
hero_spec.item.size:null
hero_spec.item.size:string
hero_spec.item.slug:string
hero_spec.item.status:string
hero_spec.item.title:string
hero_spec.item.tracker.id:string
hero_spec.item.tracker.url:null
hero_spec.item.tracker:null
hero_spec.item.tracker:object
hero_spec.item.type:string
hero_spec.item.updated_at:string
hero_spec.item.verify.audit:null
hero_spec.item.verify.audit:string
hero_spec.item.verify.state:string
hero_spec.item.verify:null
hero_spec.item.verify:object
hero_spec.item:object
hero_spec.relations.blocks:array
hero_spec.relations.blocks[].slug:string
hero_spec.relations.blocks[].status:string
hero_spec.relations.blocks[].title:string
hero_spec.relations.blocks[].type:string
hero_spec.relations.blocks[]:object
hero_spec.relations.children:array
hero_spec.relations.children[].slug:string
hero_spec.relations.children[].status:string
hero_spec.relations.children[].title:string
hero_spec.relations.children[].type:string
hero_spec.relations.children[]:object
hero_spec.relations.depends_on:array
hero_spec.relations.depends_on[].slug:string
hero_spec.relations.depends_on[].status:string
hero_spec.relations.depends_on[].title:string
hero_spec.relations.depends_on[].type:string
hero_spec.relations.depends_on[]:object
hero_spec.relations.parent.slug:string
hero_spec.relations.parent.status:string
hero_spec.relations.parent.title:string
hero_spec.relations.parent.type:string
hero_spec.relations.parent:null
hero_spec.relations.parent:object
hero_spec.relations.related:array
hero_spec.relations.related[].slug:string
hero_spec.relations.related[].status:string
hero_spec.relations.related[].title:string
hero_spec.relations.related[].type:string
hero_spec.relations.related[]:object
hero_spec.relations:object
hero_spec:object
hero_work.generated_at:string
hero_work.hero_version:string
hero_work.items:array
hero_work.items[].completed_at:null
hero_work.items[].completed_at:string
hero_work.items[].created_at:string
hero_work.items[].lane:string
hero_work.items[].next.action:string
hero_work.items[].next.command:string
hero_work.items[].next.enabled:boolean
hero_work.items[].next.extras:array
hero_work.items[].next.extras[].action:string
hero_work.items[].next.extras[].command:string
hero_work.items[].next.extras[].label:string
hero_work.items[].next.extras[]:object
hero_work.items[].next.label:string
hero_work.items[].next.phase.label:string
hero_work.items[].next.phase.state:string
hero_work.items[].next.phase:object
hero_work.items[].next.reason:null
hero_work.items[].next.reason:string
hero_work.items[].next:null
hero_work.items[].next:object
hero_work.items[].parent:null
hero_work.items[].parent:string
hero_work.items[].path:string
hero_work.items[].priority:null
hero_work.items[].priority:string
hero_work.items[].progress.done:number
hero_work.items[].progress.total:number
hero_work.items[].progress:null
hero_work.items[].progress:object
hero_work.items[].revision:string
hero_work.items[].severity:null
hero_work.items[].severity:string
hero_work.items[].size:null
hero_work.items[].size:string
hero_work.items[].slug:string
hero_work.items[].status:string
hero_work.items[].title:string
hero_work.items[].tracker.id:string
hero_work.items[].tracker.url:null
hero_work.items[].tracker:null
hero_work.items[].tracker:object
hero_work.items[].type:string
hero_work.items[].updated_at:string
hero_work.items[].verify.audit:null
hero_work.items[].verify.audit:string
hero_work.items[].verify.state:string
hero_work.items[].verify:null
hero_work.items[].verify:object
hero_work.items[]:object
hero_work.polish:array
hero_work.polish[].kind:string
hero_work.polish[].next.action:string
hero_work.polish[].next.command:string
hero_work.polish[].next.enabled:boolean
hero_work.polish[].next.extras:array
hero_work.polish[].next.label:string
hero_work.polish[].next.phase.label:string
hero_work.polish[].next.phase.state:string
hero_work.polish[].next.phase:object
hero_work.polish[].next.reason:null
hero_work.polish[].next:object
hero_work.polish[].reason:string
hero_work.polish[].slug:string
hero_work.polish[].title:string
hero_work.polish[]:object
hero_work.revision:string
hero_work.schema_version:number
hero_work.suggested:array
hero_work.suggested[].next.action:string
hero_work.suggested[].next.command:string
hero_work.suggested[].next.enabled:boolean
hero_work.suggested[].next.extras:array
hero_work.suggested[].next.label:string
hero_work.suggested[].next.phase.label:string
hero_work.suggested[].next.phase.state:string
hero_work.suggested[].next.phase:object
hero_work.suggested[].next.reason:null
hero_work.suggested[].next:object
hero_work.suggested[].reason:string
hero_work.suggested[].slug:null
hero_work.suggested[].slug:string
hero_work.suggested[].source:string
hero_work.suggested[].title:string
hero_work.suggested[]:object
hero_work.watch_globs:array
hero_work.watch_globs[]:string
hero_work:object
